---
source: crates/lexer/tests/ok_snapshots.rs
assertion_line: 60
expression: dump
---
IDX  LINE:COL  KIND                 LEXEME
  0     2:1    Keyword(Fn)           "fn"
  1     2:4    Ident                 "main"
  2     2:8    LParen                "("
  3     2:9    RParen                ")"
  4     2:11   ThinArrow             "->"
  5     2:14   Ident                 "int"
  6     2:18   LBrace                "{"
  7     3:5    Keyword(Let)          "let"
  8     3:9    Ident                 "x"
  9     3:10   Colon                 ":"
 10     3:11   Ident                 "int"
 11     3:15   Eq                    "="
 12     3:17   IntLit                "42"
 13     3:19   Semicolon             ";"
 14     4:5    Keyword(Let)          "let"
 15     4:9    Keyword(Mut)          "mut"
 16     4:13   Ident                 "y"
 17     4:14   Colon                 ":"
 18     4:15   Ident                 "int"
 19     4:19   Eq                    "="
 20     4:21   IntLit                "10"
 21     4:23   Semicolon             ";"
 22     5:5    Keyword(If)           "if"
 23     5:8    LParen                "("
 24     5:9    Keyword(True)         "true"
 25     5:13   RParen                ")"
 26     5:15   LBrace                "{"
 27     6:9    Keyword(Return)       "return"
 28     6:16   Ident                 "x"
 29     6:17   Semicolon             ";"
 30     7:5    RBrace                "}"
 31     7:7    Keyword(Else)         "else"
 32     7:12   LBrace                "{"
 33     8:9    Keyword(Return)       "return"
 34     8:16   Ident                 "y"
 35     8:17   Semicolon             ";"
 36     9:5    RBrace                "}"
 37    10:1    RBrace                "}"
 38    11:1    Eof                   ""
