---
source: crates/lexer/tests/ok_snapshots.rs
assertion_line: 60
expression: dump
---
IDX  LINE:COL  KIND                 LEXEME
  0     2:1    Keyword(Fn)           "fn"
  1     2:4    Ident                 "test_control_flow"
  2     2:21   LParen                "("
  3     2:22   RParen                ")"
  4     2:24   LBrace                "{"
  5     3:5    Keyword(Let)          "let"
  6     3:9    Ident                 "x"
  7     3:10   Colon                 ":"
  8     3:11   Ident                 "int"
  9     3:15   Eq                    "="
 10     3:17   IntLit                "0"
 11     3:18   Semicolon             ";"
 12     4:5    Keyword(While)        "while"
 13     4:11   LParen                "("
 14     4:12   Ident                 "x"
 15     4:14   LAngle                "<"
 16     4:16   IntLit                "10"
 17     4:18   RParen                ")"
 18     4:20   LBrace                "{"
 19     5:9    Ident                 "x"
 20     5:11   Eq                    "="
 21     5:13   Ident                 "x"
 22     5:15   Plus                  "+"
 23     5:17   IntLit                "1"
 24     5:18   Semicolon             ";"
 25     6:9    Keyword(If)           "if"
 26     6:12   LParen                "("
 27     6:13   Ident                 "x"
 28     6:15   EqEq                  "=="
 29     6:18   IntLit                "5"
 30     6:19   RParen                ")"
 31     6:21   LBrace                "{"
 32     7:13   Keyword(Break)        "break"
 33     7:18   Semicolon             ";"
 34     8:9    RBrace                "}"
 35     9:9    Keyword(If)           "if"
 36     9:12   LParen                "("
 37     9:13   Ident                 "x"
 38     9:15   EqEq                  "=="
 39     9:18   IntLit                "3"
 40     9:19   RParen                ")"
 41     9:21   LBrace                "{"
 42    10:13   Keyword(Continue)     "continue"
 43    10:21   Semicolon             ";"
 44    11:9    RBrace                "}"
 45    12:5    RBrace                "}"
 46    13:5    Keyword(For)          "for"
 47    13:9    LParen                "("
 48    13:10   Keyword(Let)          "let"
 49    13:14   Ident                 "i"
 50    13:15   Colon                 ":"
 51    13:16   Ident                 "int"
 52    13:20   Eq                    "="
 53    13:22   IntLit                "0"
 54    13:23   Semicolon             ";"
 55    13:25   Ident                 "i"
 56    13:27   LAngle                "<"
 57    13:29   IntLit                "5"
 58    13:30   Semicolon             ";"
 59    13:32   Ident                 "i"
 60    13:34   Eq                    "="
 61    13:36   Ident                 "i"
 62    13:38   Plus                  "+"
 63    13:40   IntLit                "1"
 64    13:41   RParen                ")"
 65    13:43   LBrace                "{"
 66    14:9    Keyword(If)           "if"
 67    14:12   LParen                "("
 68    14:13   Ident                 "i"
 69    14:15   EqEq                  "=="
 70    14:18   IntLit                "2"
 71    14:19   RParen                ")"
 72    14:21   LBrace                "{"
 73    15:13   Keyword(Break)        "break"
 74    15:18   Semicolon             ";"
 75    16:9    RBrace                "}"
 76    17:5    RBrace                "}"
 77    18:5    Keyword(Return)       "return"
 78    18:12   Ident                 "x"
 79    18:13   Semicolon             ";"
 80    19:1    RBrace                "}"
 81    20:1    Eof                   ""
