---
source: crates/lexer/tests/ok_snapshots.rs
assertion_line: 60
expression: dump
---
IDX  LINE:COL  KIND                 LEXEME
  0     2:1    Keyword(Fn)           "fn"
  1     2:4    Ident                 "test_comparisons"
  2     2:20   LParen                "("
  3     2:21   RParen                ")"
  4     2:23   ThinArrow             "->"
  5     2:26   Ident                 "bool"
  6     2:31   LBrace                "{"
  7     3:5    Keyword(Let)          "let"
  8     3:9    Ident                 "x"
  9     3:10   Colon                 ":"
 10     3:11   Ident                 "int"
 11     3:15   Eq                    "="
 12     3:17   IntLit                "5"
 13     3:18   Semicolon             ";"
 14     4:5    Keyword(Let)          "let"
 15     4:9    Ident                 "y"
 16     4:10   Colon                 ":"
 17     4:11   Ident                 "int"
 18     4:15   Eq                    "="
 19     4:17   IntLit                "10"
 20     4:19   Semicolon             ";"
 21     5:5    Keyword(Let)          "let"
 22     5:9    Ident                 "lt"
 23     5:11   Colon                 ":"
 24     5:12   Ident                 "bool"
 25     5:17   Eq                    "="
 26     5:19   Ident                 "x"
 27     5:21   LAngle                "<"
 28     5:23   Ident                 "y"
 29     5:24   Semicolon             ";"
 30     6:5    Keyword(Let)          "let"
 31     6:9    Ident                 "le"
 32     6:11   Colon                 ":"
 33     6:12   Ident                 "bool"
 34     6:17   Eq                    "="
 35     6:19   Ident                 "x"
 36     6:21   Le                    "<="
 37     6:24   Ident                 "y"
 38     6:25   Semicolon             ";"
 39     7:5    Keyword(Let)          "let"
 40     7:9    Ident                 "gt"
 41     7:11   Colon                 ":"
 42     7:12   Ident                 "bool"
 43     7:17   Eq                    "="
 44     7:19   Ident                 "x"
 45     7:21   RAngle                ">"
 46     7:23   Ident                 "y"
 47     7:24   Semicolon             ";"
 48     8:5    Keyword(Let)          "let"
 49     8:9    Ident                 "ge"
 50     8:11   Colon                 ":"
 51     8:12   Ident                 "bool"
 52     8:17   Eq                    "="
 53     8:19   Ident                 "x"
 54     8:21   Ge                    ">="
 55     8:24   Ident                 "y"
 56     8:25   Semicolon             ";"
 57     9:5    Keyword(Let)          "let"
 58     9:9    Ident                 "eq"
 59     9:11   Colon                 ":"
 60     9:12   Ident                 "bool"
 61     9:17   Eq                    "="
 62     9:19   Ident                 "x"
 63     9:21   EqEq                  "=="
 64     9:24   Ident                 "y"
 65     9:25   Semicolon             ";"
 66    10:5    Keyword(Let)          "let"
 67    10:9    Ident                 "ne"
 68    10:11   Colon                 ":"
 69    10:12   Ident                 "bool"
 70    10:17   Eq                    "="
 71    10:19   Ident                 "x"
 72    10:21   Ne                    "!="
 73    10:24   Ident                 "y"
 74    10:25   Semicolon             ";"
 75    11:5    Keyword(Let)          "let"
 76    11:9    Ident                 "and"
 77    11:12   Colon                 ":"
 78    11:13   Ident                 "bool"
 79    11:18   Eq                    "="
 80    11:20   Keyword(True)         "true"
 81    11:25   AndAnd                "&&"
 82    11:28   Keyword(False)        "false"
 83    11:33   Semicolon             ";"
 84    12:5    Keyword(Let)          "let"
 85    12:9    Ident                 "or"
 86    12:11   Colon                 ":"
 87    12:12   Ident                 "bool"
 88    12:17   Eq                    "="
 89    12:19   Keyword(True)         "true"
 90    12:24   OrOr                  "||"
 91    12:27   Keyword(False)        "false"
 92    12:32   Semicolon             ";"
 93    13:5    Keyword(Return)       "return"
 94    13:12   Ident                 "lt"
 95    13:14   Semicolon             ";"
 96    14:1    RBrace                "}"
 97    15:1    Eof                   ""
