---
source: crates/lexer/tests/ok_snapshots.rs
assertion_line: 60
expression: dump
---
IDX  LINE:COL  KIND                 LEXEME
  0     2:1    Keyword(Type)         "type"
  1     2:6    Ident                 "Person"
  2     2:13   LBrace                "{"
  3     3:5    Ident                 "age"
  4     3:8    Colon                 ":"
  5     3:10   Ident                 "int"
  6     3:13   Comma                 ","
  7     4:5    Ident                 "name"
  8     4:9    Colon                 ":"
  9     4:11   Ident                 "string"
 10     4:17   Comma                 ","
 11     5:5    Ident                 "@readonly"
 12     5:15   Ident                 "weight"
 13     5:21   Colon                 ":"
 14     5:23   Ident                 "float"
 15     6:1    RBrace                "}"
 16     8:1    Keyword(Type)         "type"
 17     8:6    Ident                 "MyInt"
 18     8:12   Eq                    "="
 19     8:14   Ident                 "int"
 20     8:17   Semicolon             ";"
 21    10:1    Keyword(Literal)      "literal"
 22    10:9    Ident                 "Color"
 23    10:15   Eq                    "="
 24    10:17   StringLit             ""red""
 25    10:23   Pipe                  "|"
 26    10:25   StringLit             ""green""
 27    10:33   Pipe                  "|"
 28    10:35   StringLit             ""blue""
 29    10:41   Semicolon             ";"
 30    12:1    Keyword(Alias)        "alias"
 31    12:7    Ident                 "Number"
 32    12:14   Eq                    "="
 33    12:16   Ident                 "int"
 34    12:20   Pipe                  "|"
 35    12:22   Ident                 "float"
 36    12:27   Semicolon             ";"
 37    14:1    Keyword(Fn)           "fn"
 38    14:4    Ident                 "test_user_types"
 39    14:19   LParen                "("
 40    14:20   RParen                ")"
 41    14:22   ThinArrow             "->"
 42    14:25   Ident                 "int"
 43    14:29   LBrace                "{"
 44    15:5    Keyword(Let)          "let"
 45    15:9    Ident                 "person"
 46    15:15   Colon                 ":"
 47    15:17   Ident                 "Person"
 48    15:24   Eq                    "="
 49    15:26   LBrace                "{"
 50    15:28   Ident                 "age"
 51    15:31   Colon                 ":"
 52    15:33   IntLit                "25"
 53    15:35   Comma                 ","
 54    15:37   Ident                 "name"
 55    15:41   Colon                 ":"
 56    15:43   StringLit             ""Alice""
 57    15:50   Comma                 ","
 58    15:52   Ident                 "weight"
 59    15:58   Colon                 ":"
 60    15:60   FloatLit              "65.5"
 61    15:65   RBrace                "}"
 62    15:66   Semicolon             ";"
 63    16:5    Keyword(Let)          "let"
 64    16:9    Ident                 "my_num"
 65    16:15   Colon                 ":"
 66    16:17   Ident                 "MyInt"
 67    16:23   Eq                    "="
 68    16:25   IntLit                "42"
 69    16:27   Semicolon             ";"
 70    17:5    Keyword(Let)          "let"
 71    17:9    Ident                 "color"
 72    17:14   Colon                 ":"
 73    17:16   Ident                 "Color"
 74    17:22   Eq                    "="
 75    17:24   StringLit             ""red""
 76    17:29   Semicolon             ";"
 77    18:5    Keyword(Let)          "let"
 78    18:9    Ident                 "number"
 79    18:15   Colon                 ":"
 80    18:17   Ident                 "Number"
 81    18:24   Eq                    "="
 82    18:26   FloatLit              "3.14"
 83    18:30   Semicolon             ";"
 84    19:5    Keyword(Return)       "return"
 85    19:12   Ident                 "person"
 86    19:18   Dot                   "."
 87    19:19   Ident                 "age"
 88    19:22   Semicolon             ";"
 89    20:1    RBrace                "}"
 90    21:1    Eof                   ""
