---
source: crates/lexer/tests/ok_snapshots.rs
assertion_line: 60
expression: dump
---
IDX  LINE:COL  KIND                 LEXEME
  0     2:1    Keyword(Fn)           "fn"
  1     2:4    Ident                 "test_signals"
  2     2:16   LParen                "("
  3     2:17   RParen                ")"
  4     2:19   ThinArrow             "->"
  5     2:22   Ident                 "int"
  6     2:26   LBrace                "{"
  7     3:5    Keyword(Let)          "let"
  8     3:9    Ident                 "prices"
  9     3:15   Colon                 ":"
 10     3:17   Ident                 "int"
 11     3:20   LBracket              "["
 12     3:21   RBracket              "]"
 13     3:23   Eq                    "="
 14     3:25   LBracket              "["
 15     3:26   IntLit                "10"
 16     3:28   Comma                 ","
 17     3:30   IntLit                "20"
 18     3:32   Comma                 ","
 19     3:34   IntLit                "30"
 20     3:36   RBracket              "]"
 21     3:37   Semicolon             ";"
 22     4:5    Keyword(Signal)       "signal"
 23     4:12   Ident                 "total"
 24     4:17   Colon                 ":"
 25     4:18   Ident                 "int"
 26     4:22   ColonEq               ":="
 27     4:25   Ident                 "sum"
 28     4:28   LParen                "("
 29     4:29   Ident                 "prices"
 30     4:35   RParen                ")"
 31     4:36   Semicolon             ";"
 32     5:5    Keyword(Signal)       "signal"
 33     5:12   Ident                 "average"
 34     5:19   Colon                 ":"
 35     5:20   Ident                 "int"
 36     5:24   ColonEq               ":="
 37     5:27   Ident                 "total"
 38     5:33   Slash                 "/"
 39     5:35   IntLit                "3"
 40     5:36   Semicolon             ";"
 41     6:5    Keyword(Signal)       "signal"
 42     6:12   Ident                 "doubled"
 43     6:19   Colon                 ":"
 44     6:20   Ident                 "int"
 45     6:24   ColonEq               ":="
 46     6:27   Ident                 "total"
 47     6:33   Star                  "*"
 48     6:35   IntLit                "2"
 49     6:36   Semicolon             ";"
 50     7:5    Keyword(Return)       "return"
 51     7:12   Ident                 "total"
 52     7:17   Semicolon             ";"
 53     8:1    RBrace                "}"
 54    10:1    Keyword(Fn)           "fn"
 55    10:4    Ident                 "sum"
 56    10:7    LParen                "("
 57    10:8    Ident                 "arr"
 58    10:11   Colon                 ":"
 59    10:13   Ident                 "int"
 60    10:16   LBracket              "["
 61    10:17   RBracket              "]"
 62    10:18   RParen                ")"
 63    10:20   ThinArrow             "->"
 64    10:23   Ident                 "int"
 65    10:27   LBrace                "{"
 66    11:5    Keyword(Let)          "let"
 67    11:9    Ident                 "result"
 68    11:15   Colon                 ":"
 69    11:16   Ident                 "int"
 70    11:20   Eq                    "="
 71    11:22   IntLit                "0"
 72    11:23   Semicolon             ";"
 73    12:5    Keyword(For)          "for"
 74    12:9    LParen                "("
 75    12:10   Keyword(Let)          "let"
 76    12:14   Ident                 "i"
 77    12:15   Colon                 ":"
 78    12:16   Ident                 "int"
 79    12:20   Eq                    "="
 80    12:22   IntLit                "0"
 81    12:23   Semicolon             ";"
 82    12:25   Ident                 "i"
 83    12:27   LAngle                "<"
 84    12:29   Ident                 "arr"
 85    12:32   Dot                   "."
 86    12:33   Ident                 "length"
 87    12:39   Semicolon             ";"
 88    12:41   Ident                 "i"
 89    12:43   Eq                    "="
 90    12:45   Ident                 "i"
 91    12:47   Plus                  "+"
 92    12:49   IntLit                "1"
 93    12:50   RParen                ")"
 94    12:52   LBrace                "{"
 95    13:9    Ident                 "result"
 96    13:16   Eq                    "="
 97    13:18   Ident                 "result"
 98    13:25   Plus                  "+"
 99    13:27   Ident                 "arr"
100    13:30   LBracket              "["
101    13:31   Ident                 "i"
102    13:32   RBracket              "]"
103    13:33   Semicolon             ";"
104    14:5    RBrace                "}"
105    15:5    Keyword(Return)       "return"
106    15:12   Ident                 "result"
107    15:18   Semicolon             ";"
108    16:1    RBrace                "}"
109    17:1    Eof                   ""
