---
source: crates/lexer/tests/ok_snapshots.rs
assertion_line: 60
expression: dump
---
IDX  LINE:COL  KIND                 LEXEME
  0     2:1    Keyword(Fn)           "fn"
  1     2:4    Ident                 "test_comments"
  2     2:17   LParen                "("
  3     2:18   RParen                ")"
  4     2:20   ThinArrow             "->"
  5     2:23   Ident                 "int"
  6     2:27   LBrace                "{"
  7     4:5    Keyword(Let)          "let"
  8     4:9    Ident                 "x"
  9     4:10   Colon                 ":"
 10     4:11   Ident                 "int"
 11     4:15   Eq                    "="
 12     4:17   IntLit                "42"
 13     4:19   Semicolon             ";"
 14    11:5    Keyword(Let)          "let"
 15    11:9    Ident                 "y"
 16    11:10   Colon                 ":"
 17    11:11   Ident                 "int"
 18    11:15   Eq                    "="
 19    11:17   IntLit                "10"
 20    11:19   Semicolon             ";"
 21    12:5    Keyword(Let)          "let"
 22    12:9    Ident                 "z"
 23    12:10   Colon                 ":"
 24    12:11   Ident                 "int"
 25    12:15   Eq                    "="
 26    12:17   IntLit                "5"
 27    12:18   Semicolon             ";"
 28    14:5    Keyword(Return)       "return"
 29    14:12   Ident                 "x"
 30    14:14   Plus                  "+"
 31    14:16   Ident                 "y"
 32    14:18   Plus                  "+"
 33    14:20   Ident                 "z"
 34    14:21   Semicolon             ";"
 35    15:1    RBrace                "}"
 36    16:1    Eof                   ""
