---
source: crates/lexer/tests/ok_snapshots.rs
assertion_line: 60
expression: dump
---
IDX  LINE:COL  KIND                 LEXEME
  0     2:1    Keyword(Fn)           "fn"
  1     2:4    Ident                 "test_identifiers"
  2     2:20   LParen                "("
  3     2:21   RParen                ")"
  4     2:23   ThinArrow             "->"
  5     2:26   Ident                 "int"
  6     2:30   LBrace                "{"
  7     4:5    Keyword(Let)          "let"
  8     4:9    Ident                 "snake_case_var"
  9     4:23   Colon                 ":"
 10     4:24   Ident                 "int"
 11     4:28   Eq                    "="
 12     4:30   IntLit                "42"
 13     4:32   Semicolon             ";"
 14     5:5    Keyword(Let)          "let"
 15     5:9    Ident                 "camelCaseVar"
 16     5:21   Colon                 ":"
 17     5:22   Ident                 "int"
 18     5:26   Eq                    "="
 19     5:28   IntLit                "10"
 20     5:30   Semicolon             ";"
 21     6:5    Keyword(Let)          "let"
 22     6:9    Ident                 "_underscore_start"
 23     6:26   Colon                 ":"
 24     6:27   Ident                 "int"
 25     6:31   Eq                    "="
 26     6:33   IntLit                "5"
 27     6:34   Semicolon             ";"
 28     7:5    Keyword(Let)          "let"
 29     7:9    Ident                 "var_with_numbers123"
 30     7:28   Colon                 ":"
 31     7:29   Ident                 "int"
 32     7:33   Eq                    "="
 33     7:35   IntLit                "7"
 34     7:36   Semicolon             ";"
 35    10:5    Keyword(Let)          "let"
 36    10:9    Ident                 "true_val"
 37    10:17   Colon                 ":"
 38    10:18   Ident                 "bool"
 39    10:23   Eq                    "="
 40    10:25   Keyword(True)         "true"
 41    10:29   Semicolon             ";"
 42    11:5    Keyword(Let)          "let"
 43    11:9    Ident                 "false_val"
 44    11:18   Colon                 ":"
 45    11:19   Ident                 "bool"
 46    11:24   Eq                    "="
 47    11:26   Keyword(False)        "false"
 48    11:31   Semicolon             ";"
 49    14:5    Keyword(Let)          "let"
 50    14:9    Ident                 "fn_name"
 51    14:16   Colon                 ":"
 52    14:17   Ident                 "string"
 53    14:24   Eq                    "="
 54    14:26   StringLit             ""function""
 55    14:36   Semicolon             ";"
 56    15:5    Keyword(Let)          "let"
 57    15:9    Ident                 "let_keyword"
 58    15:20   Colon                 ":"
 59    15:21   Ident                 "string"
 60    15:28   Eq                    "="
 61    15:30   StringLit             ""let""
 62    15:35   Semicolon             ";"
 63    16:5    Keyword(Let)          "let"
 64    16:9    Ident                 "if_condition"
 65    16:21   Colon                 ":"
 66    16:22   Ident                 "bool"
 67    16:27   Eq                    "="
 68    16:29   Keyword(True)         "true"
 69    16:33   Semicolon             ";"
 70    17:5    Keyword(Let)          "let"
 71    17:9    Ident                 "while_loop"
 72    17:19   Colon                 ":"
 73    17:20   Ident                 "bool"
 74    17:25   Eq                    "="
 75    17:27   Keyword(False)        "false"
 76    17:32   Semicolon             ";"
 77    19:5    Keyword(Return)       "return"
 78    19:12   Ident                 "snake_case_var"
 79    19:26   Semicolon             ";"
 80    20:1    RBrace                "}"
 81    21:1    Eof                   ""
