---
source: crates/lexer/tests/ok_snapshots.rs
expression: dump
---
IDX  LINE:COL  KIND                 LEXEME
  0     2:1    Keyword(Type)         "type"
  1     2:6    Ident                 "MyInt"
  2     2:12   Eq                    "="
  3     2:14   Ident                 "int"
  4     2:17   Semicolon             ";"
  5     4:1    Keyword(Extern)       "extern"
  6     4:7    LAngle                "<"
  7     4:8    Ident                 "MyInt"
  8     4:13   RAngle                ">"
  9     4:15   LBrace                "{"
 10     5:5    At                    "@"
 11     5:6    Ident                 "override"
 12     5:15   At                    "@"
 13     5:16   Ident                 "pure"
 14     5:21   Keyword(Fn)           "fn"
 15     5:24   Ident                 "__add"
 16     5:29   LParen                "("
 17     5:30   Ident                 "a"
 18     5:31   Colon                 ":"
 19     5:33   Ident                 "MyInt"
 20     5:38   Comma                 ","
 21     5:40   Ident                 "b"
 22     5:41   Colon                 ":"
 23     5:43   Ident                 "MyInt"
 24     5:48   RParen                ")"
 25     5:50   ThinArrow             "->"
 26     5:53   Ident                 "MyInt"
 27     5:59   LBrace                "{"
 28     5:61   Keyword(Return)       "return"
 29     5:68   Ident                 "a"
 30     5:70   Plus                  "+"
 31     5:72   Ident                 "b"
 32     5:74   Plus                  "+"
 33     5:76   IntLit                "1"
 34     5:77   Semicolon             ";"
 35     5:79   RBrace                "}"
 36     6:5    At                    "@"
 37     6:6    Ident                 "override"
 38     6:15   At                    "@"
 39     6:16   Ident                 "pure"
 40     6:21   Keyword(Fn)           "fn"
 41     6:24   Ident                 "__to_string"
 42     6:35   LParen                "("
 43     6:36   Ident                 "self"
 44     6:40   Colon                 ":"
 45     6:42   Amp                   "&"
 46     6:43   Ident                 "MyInt"
 47     6:48   RParen                ")"
 48     6:50   ThinArrow             "->"
 49     6:53   Ident                 "string"
 50     6:60   LBrace                "{"
 51     6:62   Keyword(Return)       "return"
 52     6:69   StringLit             ""this is int""
 53     6:82   Semicolon             ";"
 54     6:84   RBrace                "}"
 55     7:1    RBrace                "}"
 56     9:1    Keyword(Fn)           "fn"
 57     9:4    Ident                 "test_extern_methods"
 58     9:23   LParen                "("
 59     9:24   RParen                ")"
 60     9:26   ThinArrow             "->"
 61     9:29   Ident                 "MyInt"
 62     9:35   LBrace                "{"
 63    10:5    Keyword(Let)          "let"
 64    10:9    Ident                 "x"
 65    10:10   Colon                 ":"
 66    10:12   Ident                 "MyInt"
 67    10:18   Eq                    "="
 68    10:20   IntLit                "10"
 69    10:22   Semicolon             ";"
 70    11:5    Keyword(Let)          "let"
 71    11:9    Ident                 "y"
 72    11:10   Colon                 ":"
 73    11:12   Ident                 "MyInt"
 74    11:18   Eq                    "="
 75    11:20   IntLit                "20"
 76    11:22   Semicolon             ";"
 77    12:5    Keyword(Let)          "let"
 78    12:9    Ident                 "sum"
 79    12:12   Colon                 ":"
 80    12:14   Ident                 "MyInt"
 81    12:20   Eq                    "="
 82    12:22   Ident                 "x"
 83    12:24   Plus                  "+"
 84    12:26   Ident                 "y"
 85    12:27   Semicolon             ";"
 86    13:5    Keyword(Return)       "return"
 87    13:12   Ident                 "sum"
 88    13:15   Semicolon             ";"
 89    14:1    RBrace                "}"
 90    15:1    Eof                   ""
