---
source: crates/lexer/tests/ok_snapshots.rs
expression: dump
---
IDX  LINE:COL  KIND                 LEXEME
  0     2:1    At                    "@"
  1     2:2    Ident                 "pure"
  2     3:1    Keyword(Fn)           "fn"
  3     3:4    Ident                 "comprehensive_test"
  4     3:22   LParen                "("
  5     3:23   RParen                ")"
  6     3:25   ThinArrow             "->"
  7     3:28   Ident                 "int"
  8     3:32   LBrace                "{"
  9     5:5    Keyword(Let)          "let"
 10     5:9    Ident                 "int_val"
 11     5:16   Colon                 ":"
 12     5:17   Ident                 "int"
 13     5:21   Eq                    "="
 14     5:23   IntLit                "123"
 15     5:26   Semicolon             ";"
 16     6:5    Keyword(Let)          "let"
 17     6:9    Ident                 "float_val"
 18     6:18   Colon                 ":"
 19     6:19   Ident                 "float"
 20     6:25   Eq                    "="
 21     6:27   FloatLit              "3.14159"
 22     6:34   Semicolon             ";"
 23     7:5    Keyword(Let)          "let"
 24     7:9    Ident                 "scientific"
 25     7:19   Colon                 ":"
 26     7:20   Ident                 "float"
 27     7:26   Eq                    "="
 28     7:28   FloatLit              "1.5e-10"
 29     7:35   Semicolon             ";"
 30     8:5    Keyword(Let)          "let"
 31     8:9    Ident                 "underscore"
 32     8:19   Colon                 ":"
 33     8:20   Ident                 "int"
 34     8:24   Eq                    "="
 35     8:26   IntLit                "1_000_000"
 36     8:35   Semicolon             ";"
 37    11:5    Keyword(Let)          "let"
 38    11:9    Ident                 "hello"
 39    11:14   Colon                 ":"
 40    11:15   Ident                 "string"
 41    11:22   Eq                    "="
 42    11:24   StringLit             ""Hello, World!""
 43    11:39   Semicolon             ";"
 44    12:5    Keyword(Let)          "let"
 45    12:9    Ident                 "escaped"
 46    12:16   Colon                 ":"
 47    12:17   Ident                 "string"
 48    12:24   Eq                    "="
 49    12:26   StringLit             ""Line1\nLine2\tTabbed""
 50    12:48   Semicolon             ";"
 51    13:5    Keyword(Let)          "let"
 52    13:9    Ident                 "unicode"
 53    13:16   Colon                 ":"
 54    13:17   Ident                 "string"
 55    13:24   Eq                    "="
 56    13:26   StringLit             ""Привет \u{1F600}""
 57    13:44   Semicolon             ";"
 58    16:5    Keyword(Let)          "let"
 59    16:9    Ident                 "is_true"
 60    16:16   Colon                 ":"
 61    16:17   Ident                 "bool"
 62    16:22   Eq                    "="
 63    16:24   Keyword(True)         "true"
 64    16:28   Semicolon             ";"
 65    17:5    Keyword(Let)          "let"
 66    17:9    Ident                 "is_false"
 67    17:17   Colon                 ":"
 68    17:18   Ident                 "bool"
 69    17:23   Eq                    "="
 70    17:25   Keyword(False)        "false"
 71    17:30   Semicolon             ";"
 72    20:5    Keyword(Let)          "let"
 73    20:9    Ident                 "sum"
 74    20:12   Colon                 ":"
 75    20:13   Ident                 "float"
 76    20:19   Eq                    "="
 77    20:21   Ident                 "int_val"
 78    20:29   Plus                  "+"
 79    20:31   Ident                 "float_val"
 80    20:40   Semicolon             ";"
 81    21:5    Keyword(Let)          "let"
 82    21:9    Ident                 "diff"
 83    21:13   Colon                 ":"
 84    21:14   Ident                 "float"
 85    21:20   Eq                    "="
 86    21:22   Ident                 "int_val"
 87    21:30   Minus                 "-"
 88    21:32   Ident                 "float_val"
 89    21:41   Semicolon             ";"
 90    22:5    Keyword(Let)          "let"
 91    22:9    Ident                 "prod"
 92    22:13   Colon                 ":"
 93    22:14   Ident                 "float"
 94    22:20   Eq                    "="
 95    22:22   Ident                 "int_val"
 96    22:30   Star                  "*"
 97    22:32   Ident                 "float_val"
 98    22:41   Semicolon             ";"
 99    23:5    Keyword(Let)          "let"
100    23:9    Ident                 "quot"
101    23:13   Colon                 ":"
102    23:14   Ident                 "float"
103    23:20   Eq                    "="
104    23:22   Ident                 "int_val"
105    23:30   Slash                 "/"
106    23:32   Ident                 "float_val"
107    23:41   Semicolon             ";"
108    24:5    Keyword(Let)          "let"
109    24:9    Ident                 "rem"
110    24:12   Colon                 ":"
111    24:13   Ident                 "float"
112    24:19   Eq                    "="
113    24:21   Ident                 "int_val"
114    24:29   Percent               "%"
115    24:31   Ident                 "float_val"
116    24:40   Semicolon             ";"
117    27:5    Keyword(Let)          "let"
118    27:9    Ident                 "and_result"
119    27:19   Colon                 ":"
120    27:20   Ident                 "bool"
121    27:25   Eq                    "="
122    27:27   Ident                 "is_true"
123    27:35   AndAnd                "&&"
124    27:38   Ident                 "is_false"
125    27:46   Semicolon             ";"
126    28:5    Keyword(Let)          "let"
127    28:9    Ident                 "or_result"
128    28:18   Colon                 ":"
129    28:19   Ident                 "bool"
130    28:24   Eq                    "="
131    28:26   Ident                 "is_true"
132    28:34   OrOr                  "||"
133    28:37   Ident                 "is_false"
134    28:45   Semicolon             ";"
135    29:5    Keyword(Let)          "let"
136    29:9    Ident                 "not_result"
137    29:19   Colon                 ":"
138    29:20   Ident                 "bool"
139    29:25   Eq                    "="
140    29:27   Not                   "!"
141    29:28   Ident                 "is_true"
142    29:35   Semicolon             ";"
143    32:5    Keyword(Let)          "let"
144    32:9    Ident                 "eq"
145    32:11   Colon                 ":"
146    32:12   Ident                 "bool"
147    32:17   Eq                    "="
148    32:19   Ident                 "int_val"
149    32:27   EqEq                  "=="
150    32:30   Ident                 "float_val"
151    32:39   Semicolon             ";"
152    33:5    Keyword(Let)          "let"
153    33:9    Ident                 "ne"
154    33:11   Colon                 ":"
155    33:12   Ident                 "bool"
156    33:17   Eq                    "="
157    33:19   Ident                 "int_val"
158    33:27   Ne                    "!="
159    33:30   Ident                 "float_val"
160    33:39   Semicolon             ";"
161    34:5    Keyword(Let)          "let"
162    34:9    Ident                 "lt"
163    34:11   Colon                 ":"
164    34:12   Ident                 "bool"
165    34:17   Eq                    "="
166    34:19   Ident                 "int_val"
167    34:27   LAngle                "<"
168    34:29   Ident                 "float_val"
169    34:38   Semicolon             ";"
170    35:5    Keyword(Let)          "let"
171    35:9    Ident                 "le"
172    35:11   Colon                 ":"
173    35:12   Ident                 "bool"
174    35:17   Eq                    "="
175    35:19   Ident                 "int_val"
176    35:27   Le                    "<="
177    35:30   Ident                 "float_val"
178    35:39   Semicolon             ";"
179    36:5    Keyword(Let)          "let"
180    36:9    Ident                 "gt"
181    36:11   Colon                 ":"
182    36:12   Ident                 "bool"
183    36:17   Eq                    "="
184    36:19   Ident                 "int_val"
185    36:27   RAngle                ">"
186    36:29   Ident                 "float_val"
187    36:38   Semicolon             ";"
188    37:5    Keyword(Let)          "let"
189    37:9    Ident                 "ge"
190    37:11   Colon                 ":"
191    37:12   Ident                 "bool"
192    37:17   Eq                    "="
193    37:19   Ident                 "int_val"
194    37:27   Ge                    ">="
195    37:30   Ident                 "float_val"
196    37:39   Semicolon             ";"
197    40:5    Keyword(If)           "if"
198    40:8    LParen                "("
199    40:9    Ident                 "is_true"
200    40:16   RParen                ")"
201    40:18   LBrace                "{"
202    41:9    Keyword(Let)          "let"
203    41:13   Ident                 "x"
204    41:14   Colon                 ":"
205    41:15   Ident                 "int"
206    41:19   Eq                    "="
207    41:21   IntLit                "10"
208    41:23   Semicolon             ";"
209    42:9    Keyword(While)        "while"
210    42:15   LParen                "("
211    42:16   Ident                 "x"
212    42:18   RAngle                ">"
213    42:20   IntLit                "0"
214    42:21   RParen                ")"
215    42:23   LBrace                "{"
216    43:13   Ident                 "x"
217    43:15   Eq                    "="
218    43:17   Ident                 "x"
219    43:19   Minus                 "-"
220    43:21   IntLit                "1"
221    43:22   Semicolon             ";"
222    44:13   Keyword(If)           "if"
223    44:16   LParen                "("
224    44:17   Ident                 "x"
225    44:19   EqEq                  "=="
226    44:22   IntLit                "5"
227    44:23   RParen                ")"
228    44:25   LBrace                "{"
229    45:17   Keyword(Break)        "break"
230    45:22   Semicolon             ";"
231    46:13   RBrace                "}"
232    47:9    RBrace                "}"
233    48:9    Keyword(For)          "for"
234    48:13   LParen                "("
235    48:14   Keyword(Let)          "let"
236    48:18   Ident                 "i"
237    48:19   Colon                 ":"
238    48:20   Ident                 "int"
239    48:24   Eq                    "="
240    48:26   IntLit                "0"
241    48:27   Semicolon             ";"
242    48:29   Ident                 "i"
243    48:31   LAngle                "<"
244    48:33   IntLit                "3"
245    48:34   Semicolon             ";"
246    48:36   Ident                 "i"
247    48:38   Eq                    "="
248    48:40   Ident                 "i"
249    48:42   Plus                  "+"
250    48:44   IntLit                "1"
251    48:45   RParen                ")"
252    48:47   LBrace                "{"
253    49:13   Keyword(If)           "if"
254    49:16   LParen                "("
255    49:17   Ident                 "i"
256    49:19   EqEq                  "=="
257    49:22   IntLit                "1"
258    49:23   RParen                ")"
259    49:25   LBrace                "{"
260    50:17   Keyword(Continue)     "continue"
261    50:25   Semicolon             ";"
262    51:13   RBrace                "}"
263    52:9    RBrace                "}"
264    53:5    RBrace                "}"
265    53:7    Keyword(Else)         "else"
266    53:12   LBrace                "{"
267    54:9    Keyword(Return)       "return"
268    54:16   IntLit                "0"
269    54:17   Semicolon             ";"
270    55:5    RBrace                "}"
271    57:5    Keyword(Return)       "return"
272    57:12   Ident                 "int_val"
273    57:19   Semicolon             ";"
274    58:1    RBrace                "}"
275    59:1    Eof                   ""
