---
source: crates/lexer/tests/ok_snapshots.rs
assertion_line: 60
expression: dump
---
IDX  LINE:COL  KIND                 LEXEME
  0     2:1    Keyword(Fn)           "fn"
  1     2:4    Ident                 "test_strings"
  2     2:16   LParen                "("
  3     2:17   RParen                ")"
  4     2:19   ThinArrow             "->"
  5     2:22   Ident                 "string"
  6     2:29   LBrace                "{"
  7     3:5    Keyword(Let)          "let"
  8     3:9    Ident                 "simple"
  9     3:15   Colon                 ":"
 10     3:16   Ident                 "string"
 11     3:23   Eq                    "="
 12     3:25   StringLit             ""hello world""
 13     3:38   Semicolon             ";"
 14     4:5    Keyword(Let)          "let"
 15     4:9    Ident                 "escaped"
 16     4:16   Colon                 ":"
 17     4:17   Ident                 "string"
 18     4:24   Eq                    "="
 19     4:26   StringLit             ""line1\nline2\tindented""
 20     4:50   Semicolon             ";"
 21     5:5    Keyword(Let)          "let"
 22     5:9    Ident                 "quotes"
 23     5:15   Colon                 ":"
 24     5:16   Ident                 "string"
 25     5:23   Eq                    "="
 26     5:25   StringLit             ""he said \"hello\"""
 27     5:44   Semicolon             ";"
 28     6:5    Keyword(Let)          "let"
 29     6:9    Ident                 "backslash"
 30     6:18   Colon                 ":"
 31     6:19   Ident                 "string"
 32     6:26   Eq                    "="
 33     6:28   StringLit             ""path\\to\\file""
 34     6:44   Semicolon             ";"
 35     7:5    Keyword(Let)          "let"
 36     7:9    Ident                 "unicode"
 37     7:16   Colon                 ":"
 38     7:17   Ident                 "string"
 39     7:24   Eq                    "="
 40     7:26   StringLit             ""emoji \u{1F600}""
 41     7:43   Semicolon             ";"
 42     8:5    Keyword(Let)          "let"
 43     8:9    Ident                 "empty"
 44     8:14   Colon                 ":"
 45     8:15   Ident                 "string"
 46     8:22   Eq                    "="
 47     8:24   StringLit             """"
 48     8:26   Semicolon             ";"
 49     9:5    Keyword(Return)       "return"
 50     9:12   Ident                 "simple"
 51     9:18   Semicolon             ";"
 52    10:1    RBrace                "}"
 53    11:1    Eof                   ""
