---
source: crates/lexer/tests/ok_snapshots.rs
assertion_line: 60
expression: dump
---
IDX  LINE:COL  KIND                 LEXEME
  0     2:1    Keyword(Fn)           "fn"
  1     2:4    Ident                 "test_edge_cases"
  2     2:19   LParen                "("
  3     2:20   RParen                ")"
  4     2:22   ThinArrow             "->"
  5     2:25   Ident                 "int"
  6     2:29   LBrace                "{"
  7     4:5    Keyword(Let)          "let"
  8     4:9    Ident                 "empty_string"
  9     4:21   Colon                 ":"
 10     4:22   Ident                 "string"
 11     4:29   Eq                    "="
 12     4:31   StringLit             """"
 13     4:33   Semicolon             ";"
 14     5:5    Keyword(Let)          "let"
 15     5:9    Ident                 "zero"
 16     5:13   Colon                 ":"
 17     5:14   Ident                 "int"
 18     5:18   Eq                    "="
 19     5:20   IntLit                "0"
 20     5:21   Semicolon             ";"
 21     6:5    Keyword(Let)          "let"
 22     6:9    Ident                 "false_val"
 23     6:18   Colon                 ":"
 24     6:19   Ident                 "bool"
 25     6:24   Eq                    "="
 26     6:26   Keyword(False)        "false"
 27     6:31   Semicolon             ";"
 28     9:5    Keyword(Let)          "let"
 29     9:9    Ident                 "arrow_result"
 30     9:21   Colon                 ":"
 31     9:22   Ident                 "int"
 32     9:26   Eq                    "="
 33     9:28   IntLit                "10"
 34     9:31   ThinArrow             "->"
 35     9:34   IntLit                "20"
 36     9:36   Semicolon             ";"
 37    10:5    Keyword(Let)          "let"
 38    10:9    Ident                 "x"
 39    10:10   Colon                 ":"
 40    10:11   Ident                 "int"
 41    10:15   Eq                    "="
 42    10:17   IntLit                "5"
 43    10:18   Semicolon             ";"
 44    11:5    Keyword(Let)          "let"
 45    11:9    Ident                 "fat_arrow"
 46    11:18   Colon                 ":"
 47    11:19   Ident                 "int"
 48    11:23   Eq                    "="
 49    11:25   Ident                 "x"
 50    11:27   FatArrow              "=>"
 51    11:30   Ident                 "x"
 52    11:32   Star                  "*"
 53    11:34   IntLit                "2"
 54    11:35   Semicolon             ";"
 55    12:5    Keyword(Let)          "let"
 56    12:9    Ident                 "path_sep"
 57    12:17   Colon                 ":"
 58    12:18   Ident                 "string"
 59    12:25   Eq                    "="
 60    12:27   Ident                 "std"
 61    12:30   PathSep               "::"
 62    12:32   Ident                 "collections"
 63    12:43   Semicolon             ";"
 64    13:5    Keyword(Let)          "let"
 65    13:9    Ident                 "ellipsis"
 66    13:17   Colon                 ":"
 67    13:18   Ident                 "int"
 68    13:22   Eq                    "="
 69    13:24   Ellipsis              "..."
 70    13:27   Semicolon             ";"
 71    14:5    Keyword(Let)          "let"
 72    14:9    Ident                 "colon_eq"
 73    14:17   Colon                 ":"
 74    14:18   Ident                 "int"
 75    14:22   Eq                    "="
 76    14:24   Ident                 "x"
 77    14:26   ColonEq               ":="
 78    14:29   IntLit                "42"
 79    14:31   Semicolon             ";"
 80    17:5    Keyword(Fn)           "fn"
 81    17:8    Ident                 "variadic"
 82    17:16   LParen                "("
 83    17:17   Ellipsis              "..."
 84    17:20   Ident                 "args"
 85    17:24   RParen                ")"
 86    17:26   ThinArrow             "->"
 87    17:29   Ident                 "int"
 88    17:33   LBrace                "{"
 89    18:9    Keyword(Return)       "return"
 90    18:16   Ident                 "args"
 91    18:20   Dot                   "."
 92    18:21   Ident                 "length"
 93    18:27   Semicolon             ";"
 94    19:5    RBrace                "}"
 95    22:5    Keyword(Let)          "let"
 96    22:9    Ident                 "a"
 97    22:10   Colon                 ":"
 98    22:11   Ident                 "int"
 99    22:15   Eq                    "="
100    22:17   IntLit                "5"
101    22:18   Semicolon             ";"
102    23:5    Keyword(Let)          "let"
103    23:9    Ident                 "b"
104    23:10   Colon                 ":"
105    23:11   Ident                 "int"
106    23:15   Eq                    "="
107    23:17   IntLit                "3"
108    23:18   Semicolon             ";"
109    24:5    Keyword(Let)          "let"
110    24:9    Ident                 "pipe_result"
111    24:20   Colon                 ":"
112    24:21   Ident                 "int"
113    24:25   Eq                    "="
114    24:27   Ident                 "a"
115    24:29   Pipe                  "|"
116    24:31   Ident                 "b"
117    24:32   Semicolon             ";"
118    26:5    Keyword(Return)       "return"
119    26:12   Ident                 "zero"
120    26:16   Semicolon             ";"
121    27:1    RBrace                "}"
122    28:1    Eof                   ""
