---
source: crates/lexer/tests/ok_snapshots.rs
assertion_line: 60
expression: dump
---
IDX  LINE:COL  KIND                 LEXEME
  0     2:1    Keyword(Fn)           "fn"
  1     2:4    Ident                 "test_types"
  2     2:14   LParen                "("
  3     2:15   RParen                ")"
  4     2:17   ThinArrow             "->"
  5     2:20   Ident                 "int"
  6     2:24   LBrace                "{"
  7     3:5    Keyword(Let)          "let"
  8     3:9    Ident                 "int_val"
  9     3:16   Colon                 ":"
 10     3:18   Ident                 "int"
 11     3:22   Eq                    "="
 12     3:24   IntLit                "42"
 13     3:26   Semicolon             ";"
 14     4:5    Keyword(Let)          "let"
 15     4:9    Ident                 "uint_val"
 16     4:17   Colon                 ":"
 17     4:19   Ident                 "uint"
 18     4:24   Eq                    "="
 19     4:26   IntLit                "100"
 20     4:29   Semicolon             ";"
 21     5:5    Keyword(Let)          "let"
 22     5:9    Ident                 "float_val"
 23     5:18   Colon                 ":"
 24     5:20   Ident                 "float"
 25     5:26   Eq                    "="
 26     5:28   FloatLit              "3.14"
 27     5:32   Semicolon             ";"
 28     6:5    Keyword(Let)          "let"
 29     6:9    Ident                 "bool_val"
 30     6:17   Colon                 ":"
 31     6:19   Ident                 "bool"
 32     6:24   Eq                    "="
 33     6:26   Keyword(True)         "true"
 34     6:30   Semicolon             ";"
 35     7:5    Keyword(Let)          "let"
 36     7:9    Ident                 "string_val"
 37     7:19   Colon                 ":"
 38     7:21   Ident                 "string"
 39     7:28   Eq                    "="
 40     7:30   StringLit             ""test""
 41     7:36   Semicolon             ";"
 42     8:5    Keyword(Let)          "let"
 43     8:9    Ident                 "int32_val"
 44     8:18   Colon                 ":"
 45     8:20   Ident                 "int32"
 46     8:26   Eq                    "="
 47     8:28   IntLit                "123"
 48     8:31   Semicolon             ";"
 49     9:5    Keyword(Let)          "let"
 50     9:9    Ident                 "float64_val"
 51     9:20   Colon                 ":"
 52     9:22   Ident                 "float64"
 53     9:30   Eq                    "="
 54     9:32   FloatLit              "2.718"
 55     9:37   Semicolon             ";"
 56    10:5    Keyword(Return)       "return"
 57    10:12   Ident                 "int_val"
 58    10:19   Semicolon             ";"
 59    11:1    RBrace                "}"
 60    12:1    Eof                   ""
