---
source: crates/lexer/tests/ok_snapshots.rs
assertion_line: 60
expression: dump
---
IDX  LINE:COL  KIND                 LEXEME
  0     2:1    Keyword(Fn)           "fn"
  1     2:4    Ident                 "test_ownership"
  2     2:18   LParen                "("
  3     2:19   RParen                ")"
  4     2:21   ThinArrow             "->"
  5     2:24   Ident                 "int"
  6     2:28   LBrace                "{"
  7     3:5    Keyword(Let)          "let"
  8     3:9    Ident                 "owned"
  9     3:14   Colon                 ":"
 10     3:16   Keyword(Own)          "own"
 11     3:20   Ident                 "int"
 12     3:24   Eq                    "="
 13     3:26   IntLit                "42"
 14     3:28   Semicolon             ";"
 15     4:5    Keyword(Let)          "let"
 16     4:9    Ident                 "borrowed"
 17     4:17   Colon                 ":"
 18     4:19   Amp                   "&"
 19     4:20   Ident                 "int"
 20     4:24   Eq                    "="
 21     4:26   Amp                   "&"
 22     4:27   Ident                 "owned"
 23     4:32   Semicolon             ";"
 24     5:5    Keyword(Let)          "let"
 25     5:9    Ident                 "raw_ptr"
 26     5:16   Colon                 ":"
 27     5:18   Star                  "*"
 28     5:19   Ident                 "int"
 29     5:23   Eq                    "="
 30     5:25   Amp                   "&"
 31     5:26   Ident                 "owned"
 32     5:31   Semicolon             ";"
 33     6:5    Keyword(Let)          "let"
 34     6:9    Keyword(Mut)          "mut"
 35     6:13   Ident                 "mutable"
 36     6:20   Colon                 ":"
 37     6:21   Keyword(Mut)          "mut"
 38     6:25   Ident                 "int"
 39     6:29   Eq                    "="
 40     6:31   IntLit                "10"
 41     6:33   Semicolon             ";"
 42     7:5    Ident                 "mutable"
 43     7:13   Eq                    "="
 44     7:15   IntLit                "20"
 45     7:17   Semicolon             ";"
 46     8:5    Keyword(Return)       "return"
 47     8:12   Ident                 "owned"
 48     8:17   Semicolon             ";"
 49     9:1    RBrace                "}"
 50    10:1    Eof                   ""
