---
source: crates/lexer/tests/ok_snapshots.rs
assertion_line: 60
expression: dump
---
IDX  LINE:COL  KIND                 LEXEME
  0     2:1    Keyword(Fn)           "fn"
  1     2:4    Ident                 "test_arrays"
  2     2:15   LParen                "("
  3     2:16   RParen                ")"
  4     2:18   ThinArrow             "->"
  5     2:21   Ident                 "int"
  6     2:25   LBrace                "{"
  7     3:5    Keyword(Let)          "let"
  8     3:9    Ident                 "arr"
  9     3:12   Colon                 ":"
 10     3:14   Ident                 "int"
 11     3:17   LBracket              "["
 12     3:18   RBracket              "]"
 13     3:20   Eq                    "="
 14     3:22   LBracket              "["
 15     3:23   IntLit                "1"
 16     3:24   Comma                 ","
 17     3:26   IntLit                "2"
 18     3:27   Comma                 ","
 19     3:29   IntLit                "3"
 20     3:30   Comma                 ","
 21     3:32   IntLit                "4"
 22     3:33   Comma                 ","
 23     3:35   IntLit                "5"
 24     3:36   RBracket              "]"
 25     3:37   Semicolon             ";"
 26     4:5    Keyword(Let)          "let"
 27     4:9    Ident                 "first"
 28     4:14   Colon                 ":"
 29     4:15   Ident                 "int"
 30     4:19   Eq                    "="
 31     4:21   Ident                 "arr"
 32     4:24   LBracket              "["
 33     4:25   IntLit                "0"
 34     4:26   RBracket              "]"
 35     4:27   Semicolon             ";"
 36     5:5    Keyword(Let)          "let"
 37     5:9    Ident                 "last"
 38     5:13   Colon                 ":"
 39     5:14   Ident                 "int"
 40     5:18   Eq                    "="
 41     5:20   Ident                 "arr"
 42     5:23   LBracket              "["
 43     5:24   IntLit                "4"
 44     5:25   RBracket              "]"
 45     5:26   Semicolon             ";"
 46     6:5    Ident                 "arr"
 47     6:8    LBracket              "["
 48     6:9    IntLit                "2"
 49     6:10   RBracket              "]"
 50     6:12   Eq                    "="
 51     6:14   IntLit                "99"
 52     6:16   Semicolon             ";"
 53     7:5    Keyword(Let)          "let"
 54     7:9    Ident                 "empty_arr"
 55     7:18   Colon                 ":"
 56     7:20   Ident                 "int"
 57     7:23   LBracket              "["
 58     7:24   RBracket              "]"
 59     7:26   Eq                    "="
 60     7:28   LBracket              "["
 61     7:29   RBracket              "]"
 62     7:30   Semicolon             ";"
 63     8:5    Keyword(Return)       "return"
 64     8:12   Ident                 "first"
 65     8:17   Semicolon             ";"
 66     9:1    RBrace                "}"
 67    10:1    Eof                   ""
