---
source: crates/lexer/tests/ok_snapshots.rs
assertion_line: 60
expression: dump
---
IDX  LINE:COL  KIND                 LEXEME
  0     2:1    Keyword(AtPure)       "@pure"
  1     3:1    Keyword(Fn)           "fn"
  2     3:4    Ident                 "comprehensive_test"
  3     3:22   LParen                "("
  4     3:23   RParen                ")"
  5     3:25   ThinArrow             "->"
  6     3:28   Ident                 "int"
  7     3:32   LBrace                "{"
  8     5:5    Keyword(Let)          "let"
  9     5:9    Ident                 "int_val"
 10     5:16   Colon                 ":"
 11     5:17   Ident                 "int"
 12     5:21   Eq                    "="
 13     5:23   IntLit                "123"
 14     5:26   Semicolon             ";"
 15     6:5    Keyword(Let)          "let"
 16     6:9    Ident                 "float_val"
 17     6:18   Colon                 ":"
 18     6:19   Ident                 "float"
 19     6:25   Eq                    "="
 20     6:27   FloatLit              "3.14159"
 21     6:34   Semicolon             ";"
 22     7:5    Keyword(Let)          "let"
 23     7:9    Ident                 "scientific"
 24     7:19   Colon                 ":"
 25     7:20   Ident                 "float"
 26     7:26   Eq                    "="
 27     7:28   FloatLit              "1.5e-10"
 28     7:35   Semicolon             ";"
 29     8:5    Keyword(Let)          "let"
 30     8:9    Ident                 "underscore"
 31     8:19   Colon                 ":"
 32     8:20   Ident                 "int"
 33     8:24   Eq                    "="
 34     8:26   IntLit                "1_000_000"
 35     8:35   Semicolon             ";"
 36    11:5    Keyword(Let)          "let"
 37    11:9    Ident                 "hello"
 38    11:14   Colon                 ":"
 39    11:15   Ident                 "string"
 40    11:22   Eq                    "="
 41    11:24   StringLit             ""Hello, World!""
 42    11:39   Semicolon             ";"
 43    12:5    Keyword(Let)          "let"
 44    12:9    Ident                 "escaped"
 45    12:16   Colon                 ":"
 46    12:17   Ident                 "string"
 47    12:24   Eq                    "="
 48    12:26   StringLit             ""Line1\nLine2\tTabbed""
 49    12:48   Semicolon             ";"
 50    13:5    Keyword(Let)          "let"
 51    13:9    Ident                 "unicode"
 52    13:16   Colon                 ":"
 53    13:17   Ident                 "string"
 54    13:24   Eq                    "="
 55    13:26   StringLit             ""Привет \u{1F600}""
 56    13:44   Semicolon             ";"
 57    16:5    Keyword(Let)          "let"
 58    16:9    Ident                 "is_true"
 59    16:16   Colon                 ":"
 60    16:17   Ident                 "bool"
 61    16:22   Eq                    "="
 62    16:24   Keyword(True)         "true"
 63    16:28   Semicolon             ";"
 64    17:5    Keyword(Let)          "let"
 65    17:9    Ident                 "is_false"
 66    17:17   Colon                 ":"
 67    17:18   Ident                 "bool"
 68    17:23   Eq                    "="
 69    17:25   Keyword(False)        "false"
 70    17:30   Semicolon             ";"
 71    20:5    Keyword(Let)          "let"
 72    20:9    Ident                 "sum"
 73    20:12   Colon                 ":"
 74    20:13   Ident                 "float"
 75    20:19   Eq                    "="
 76    20:21   Ident                 "int_val"
 77    20:29   Plus                  "+"
 78    20:31   Ident                 "float_val"
 79    20:40   Semicolon             ";"
 80    21:5    Keyword(Let)          "let"
 81    21:9    Ident                 "diff"
 82    21:13   Colon                 ":"
 83    21:14   Ident                 "float"
 84    21:20   Eq                    "="
 85    21:22   Ident                 "int_val"
 86    21:30   Minus                 "-"
 87    21:32   Ident                 "float_val"
 88    21:41   Semicolon             ";"
 89    22:5    Keyword(Let)          "let"
 90    22:9    Ident                 "prod"
 91    22:13   Colon                 ":"
 92    22:14   Ident                 "float"
 93    22:20   Eq                    "="
 94    22:22   Ident                 "int_val"
 95    22:30   Star                  "*"
 96    22:32   Ident                 "float_val"
 97    22:41   Semicolon             ";"
 98    23:5    Keyword(Let)          "let"
 99    23:9    Ident                 "quot"
100    23:13   Colon                 ":"
101    23:14   Ident                 "float"
102    23:20   Eq                    "="
103    23:22   Ident                 "int_val"
104    23:30   Slash                 "/"
105    23:32   Ident                 "float_val"
106    23:41   Semicolon             ";"
107    24:5    Keyword(Let)          "let"
108    24:9    Ident                 "rem"
109    24:12   Colon                 ":"
110    24:13   Ident                 "float"
111    24:19   Eq                    "="
112    24:21   Ident                 "int_val"
113    24:29   Percent               "%"
114    24:31   Ident                 "float_val"
115    24:40   Semicolon             ";"
116    27:5    Keyword(Let)          "let"
117    27:9    Ident                 "and_result"
118    27:19   Colon                 ":"
119    27:20   Ident                 "bool"
120    27:25   Eq                    "="
121    27:27   Ident                 "is_true"
122    27:35   AndAnd                "&&"
123    27:38   Ident                 "is_false"
124    27:46   Semicolon             ";"
125    28:5    Keyword(Let)          "let"
126    28:9    Ident                 "or_result"
127    28:18   Colon                 ":"
128    28:19   Ident                 "bool"
129    28:24   Eq                    "="
130    28:26   Ident                 "is_true"
131    28:34   OrOr                  "||"
132    28:37   Ident                 "is_false"
133    28:45   Semicolon             ";"
134    29:5    Keyword(Let)          "let"
135    29:9    Ident                 "not_result"
136    29:19   Colon                 ":"
137    29:20   Ident                 "bool"
138    29:25   Eq                    "="
139    29:27   Not                   "!"
140    29:28   Ident                 "is_true"
141    29:35   Semicolon             ";"
142    32:5    Keyword(Let)          "let"
143    32:9    Ident                 "eq"
144    32:11   Colon                 ":"
145    32:12   Ident                 "bool"
146    32:17   Eq                    "="
147    32:19   Ident                 "int_val"
148    32:27   EqEq                  "=="
149    32:30   Ident                 "float_val"
150    32:39   Semicolon             ";"
151    33:5    Keyword(Let)          "let"
152    33:9    Ident                 "ne"
153    33:11   Colon                 ":"
154    33:12   Ident                 "bool"
155    33:17   Eq                    "="
156    33:19   Ident                 "int_val"
157    33:27   Ne                    "!="
158    33:30   Ident                 "float_val"
159    33:39   Semicolon             ";"
160    34:5    Keyword(Let)          "let"
161    34:9    Ident                 "lt"
162    34:11   Colon                 ":"
163    34:12   Ident                 "bool"
164    34:17   Eq                    "="
165    34:19   Ident                 "int_val"
166    34:27   LAngle                "<"
167    34:29   Ident                 "float_val"
168    34:38   Semicolon             ";"
169    35:5    Keyword(Let)          "let"
170    35:9    Ident                 "le"
171    35:11   Colon                 ":"
172    35:12   Ident                 "bool"
173    35:17   Eq                    "="
174    35:19   Ident                 "int_val"
175    35:27   Le                    "<="
176    35:30   Ident                 "float_val"
177    35:39   Semicolon             ";"
178    36:5    Keyword(Let)          "let"
179    36:9    Ident                 "gt"
180    36:11   Colon                 ":"
181    36:12   Ident                 "bool"
182    36:17   Eq                    "="
183    36:19   Ident                 "int_val"
184    36:27   RAngle                ">"
185    36:29   Ident                 "float_val"
186    36:38   Semicolon             ";"
187    37:5    Keyword(Let)          "let"
188    37:9    Ident                 "ge"
189    37:11   Colon                 ":"
190    37:12   Ident                 "bool"
191    37:17   Eq                    "="
192    37:19   Ident                 "int_val"
193    37:27   Ge                    ">="
194    37:30   Ident                 "float_val"
195    37:39   Semicolon             ";"
196    40:5    Keyword(If)           "if"
197    40:8    LParen                "("
198    40:9    Ident                 "is_true"
199    40:16   RParen                ")"
200    40:18   LBrace                "{"
201    41:9    Keyword(Let)          "let"
202    41:13   Ident                 "x"
203    41:14   Colon                 ":"
204    41:15   Ident                 "int"
205    41:19   Eq                    "="
206    41:21   IntLit                "10"
207    41:23   Semicolon             ";"
208    42:9    Keyword(While)        "while"
209    42:15   LParen                "("
210    42:16   Ident                 "x"
211    42:18   RAngle                ">"
212    42:20   IntLit                "0"
213    42:21   RParen                ")"
214    42:23   LBrace                "{"
215    43:13   Ident                 "x"
216    43:15   Eq                    "="
217    43:17   Ident                 "x"
218    43:19   Minus                 "-"
219    43:21   IntLit                "1"
220    43:22   Semicolon             ";"
221    44:13   Keyword(If)           "if"
222    44:16   LParen                "("
223    44:17   Ident                 "x"
224    44:19   EqEq                  "=="
225    44:22   IntLit                "5"
226    44:23   RParen                ")"
227    44:25   LBrace                "{"
228    45:17   Keyword(Break)        "break"
229    45:22   Semicolon             ";"
230    46:13   RBrace                "}"
231    47:9    RBrace                "}"
232    48:9    Keyword(For)          "for"
233    48:13   LParen                "("
234    48:14   Keyword(Let)          "let"
235    48:18   Ident                 "i"
236    48:19   Colon                 ":"
237    48:20   Ident                 "int"
238    48:24   Eq                    "="
239    48:26   IntLit                "0"
240    48:27   Semicolon             ";"
241    48:29   Ident                 "i"
242    48:31   LAngle                "<"
243    48:33   IntLit                "3"
244    48:34   Semicolon             ";"
245    48:36   Ident                 "i"
246    48:38   Eq                    "="
247    48:40   Ident                 "i"
248    48:42   Plus                  "+"
249    48:44   IntLit                "1"
250    48:45   RParen                ")"
251    48:47   LBrace                "{"
252    49:13   Keyword(If)           "if"
253    49:16   LParen                "("
254    49:17   Ident                 "i"
255    49:19   EqEq                  "=="
256    49:22   IntLit                "1"
257    49:23   RParen                ")"
258    49:25   LBrace                "{"
259    50:17   Keyword(Continue)     "continue"
260    50:25   Semicolon             ";"
261    51:13   RBrace                "}"
262    52:9    RBrace                "}"
263    53:5    RBrace                "}"
264    53:7    Keyword(Else)         "else"
265    53:12   LBrace                "{"
266    54:9    Keyword(Return)       "return"
267    54:16   IntLit                "0"
268    54:17   Semicolon             ";"
269    55:5    RBrace                "}"
270    57:5    Keyword(Return)       "return"
271    57:12   Ident                 "int_val"
272    57:19   Semicolon             ";"
273    58:1    RBrace                "}"
274    59:1    Eof                   ""
