---
source: crates/lexer/tests/ok_snapshots.rs
assertion_line: 60
expression: dump
---
IDX  LINE:COL  KIND                 LEXEME
  0     2:1    Keyword(Type)         "type"
  1     2:6    Ident                 "MyInt"
  2     2:12   Eq                    "="
  3     2:14   Ident                 "int"
  4     2:17   Semicolon             ";"
  5     4:1    Keyword(Extern)       "extern"
  6     4:7    LAngle                "<"
  7     4:8    Ident                 "MyInt"
  8     4:13   RAngle                ">"
  9     4:15   LBrace                "{"
 10     5:5    Keyword(AtOverride)   "@override"
 11     5:15   Keyword(AtPure)       "@pure"
 12     5:21   Keyword(Fn)           "fn"
 13     5:24   Ident                 "__add"
 14     5:29   LParen                "("
 15     5:30   Ident                 "a"
 16     5:31   Colon                 ":"
 17     5:33   Ident                 "MyInt"
 18     5:38   Comma                 ","
 19     5:40   Ident                 "b"
 20     5:41   Colon                 ":"
 21     5:43   Ident                 "MyInt"
 22     5:48   RParen                ")"
 23     5:50   ThinArrow             "->"
 24     5:53   Ident                 "MyInt"
 25     5:59   LBrace                "{"
 26     5:61   Keyword(Return)       "return"
 27     5:68   Ident                 "a"
 28     5:70   Plus                  "+"
 29     5:72   Ident                 "b"
 30     5:74   Plus                  "+"
 31     5:76   IntLit                "1"
 32     5:77   Semicolon             ";"
 33     5:79   RBrace                "}"
 34     6:5    Keyword(AtOverride)   "@override"
 35     6:15   Keyword(AtPure)       "@pure"
 36     6:21   Keyword(Fn)           "fn"
 37     6:24   Ident                 "__to_string"
 38     6:35   LParen                "("
 39     6:36   Ident                 "self"
 40     6:40   Colon                 ":"
 41     6:42   Amp                   "&"
 42     6:43   Ident                 "MyInt"
 43     6:48   RParen                ")"
 44     6:50   ThinArrow             "->"
 45     6:53   Ident                 "string"
 46     6:60   LBrace                "{"
 47     6:62   Keyword(Return)       "return"
 48     6:69   StringLit             ""this is int""
 49     6:82   Semicolon             ";"
 50     6:84   RBrace                "}"
 51     7:1    RBrace                "}"
 52     9:1    Keyword(Fn)           "fn"
 53     9:4    Ident                 "test_extern_methods"
 54     9:23   LParen                "("
 55     9:24   RParen                ")"
 56     9:26   ThinArrow             "->"
 57     9:29   Ident                 "MyInt"
 58     9:35   LBrace                "{"
 59    10:5    Keyword(Let)          "let"
 60    10:9    Ident                 "x"
 61    10:10   Colon                 ":"
 62    10:12   Ident                 "MyInt"
 63    10:18   Eq                    "="
 64    10:20   IntLit                "10"
 65    10:22   Semicolon             ";"
 66    11:5    Keyword(Let)          "let"
 67    11:9    Ident                 "y"
 68    11:10   Colon                 ":"
 69    11:12   Ident                 "MyInt"
 70    11:18   Eq                    "="
 71    11:20   IntLit                "20"
 72    11:22   Semicolon             ";"
 73    12:5    Keyword(Let)          "let"
 74    12:9    Ident                 "sum"
 75    12:12   Colon                 ":"
 76    12:14   Ident                 "MyInt"
 77    12:20   Eq                    "="
 78    12:22   Ident                 "x"
 79    12:24   Plus                  "+"
 80    12:26   Ident                 "y"
 81    12:27   Semicolon             ";"
 82    13:5    Keyword(Return)       "return"
 83    13:12   Ident                 "sum"
 84    13:15   Semicolon             ";"
 85    14:1    RBrace                "}"
 86    15:1    Eof                   ""
