---
source: crates/lexer/tests/ok_snapshots.rs
assertion_line: 60
expression: dump
---
IDX  LINE:COL  KIND                 LEXEME
  0     2:1    Keyword(Fn)           "fn"
  1     2:4    Ident                 "test_numbers"
  2     2:16   LParen                "("
  3     2:17   RParen                ")"
  4     2:19   ThinArrow             "->"
  5     2:22   Ident                 "int"
  6     2:26   LBrace                "{"
  7     3:5    Keyword(Let)          "let"
  8     3:9    Ident                 "decimal"
  9     3:16   Colon                 ":"
 10     3:17   Ident                 "int"
 11     3:21   Eq                    "="
 12     3:23   IntLit                "123"
 13     3:26   Semicolon             ";"
 14     4:5    Keyword(Let)          "let"
 15     4:9    Ident                 "underscore"
 16     4:19   Colon                 ":"
 17     4:20   Ident                 "uint32"
 18     4:27   Eq                    "="
 19     4:29   IntLit                "1_000_000"
 20     4:38   Semicolon             ";"
 21     5:5    Keyword(Let)          "let"
 22     5:9    Ident                 "float_simple"
 23     5:21   Colon                 ":"
 24     5:22   Ident                 "float16"
 25     5:30   Eq                    "="
 26     5:32   FloatLit              "3.14"
 27     5:36   Semicolon             ";"
 28     6:5    Keyword(Let)          "let"
 29     6:9    Ident                 "float_scientific"
 30     6:25   Colon                 ":"
 31     6:26   Ident                 "float64"
 32     6:34   Eq                    "="
 33     6:36   FloatLit              "1.5e-10"
 34     6:43   Semicolon             ";"
 35     7:5    Keyword(Let)          "let"
 36     7:9    Ident                 "float_positive_exp"
 37     7:27   Colon                 ":"
 38     7:28   Ident                 "float32"
 39     7:36   Eq                    "="
 40     7:38   FloatLit              "2.5e+10"
 41     7:45   Semicolon             ";"
 42     8:5    Keyword(Let)          "let"
 43     8:9    Ident                 "zero"
 44     8:13   Colon                 ":"
 45     8:14   Ident                 "int"
 46     8:18   Eq                    "="
 47     8:20   IntLit                "0"
 48     8:21   Semicolon             ";"
 49     9:5    Keyword(Let)          "let"
 50     9:9    Ident                 "negative"
 51     9:17   Colon                 ":"
 52     9:18   Ident                 "int"
 53     9:22   Eq                    "="
 54     9:24   Minus                 "-"
 55     9:25   IntLit                "42"
 56     9:27   Semicolon             ";"
 57    10:5    Keyword(Return)       "return"
 58    10:12   Ident                 "decimal"
 59    10:20   Plus                  "+"
 60    10:22   Ident                 "underscore"
 61    10:32   Semicolon             ";"
 62    11:1    RBrace                "}"
 63    12:1    Eof                   ""
