---
source: crates/lexer/tests/ok_snapshots.rs
expression: dump
---
IDX  LINE:COL  KIND                 LEXEME
  0     2:1    Keyword(Type)         "type"
  1     2:6    Ident                 "Person"
  2     2:13   LBrace                "{"
  3     3:5    Ident                 "age"
  4     3:8    Colon                 ":"
  5     3:10   Ident                 "int"
  6     3:13   Comma                 ","
  7     4:5    Ident                 "name"
  8     4:9    Colon                 ":"
  9     4:11   Ident                 "string"
 10     4:17   Comma                 ","
 11     5:5    At                    "@"
 12     5:6    Ident                 "readonly"
 13     5:15   Ident                 "weight"
 14     5:21   Colon                 ":"
 15     5:23   Ident                 "float"
 16     6:1    RBrace                "}"
 17     8:1    Keyword(Type)         "type"
 18     8:6    Ident                 "MyInt"
 19     8:12   Eq                    "="
 20     8:14   Ident                 "int"
 21     8:17   Semicolon             ";"
 22    10:1    Keyword(Literal)      "literal"
 23    10:9    Ident                 "Color"
 24    10:15   Eq                    "="
 25    10:17   StringLit             ""red""
 26    10:23   Pipe                  "|"
 27    10:25   StringLit             ""green""
 28    10:33   Pipe                  "|"
 29    10:35   StringLit             ""blue""
 30    10:41   Semicolon             ";"
 31    12:1    Keyword(Alias)        "alias"
 32    12:7    Ident                 "Number"
 33    12:14   Eq                    "="
 34    12:16   Ident                 "int"
 35    12:20   Pipe                  "|"
 36    12:22   Ident                 "float"
 37    12:27   Semicolon             ";"
 38    14:1    Keyword(Fn)           "fn"
 39    14:4    Ident                 "test_user_types"
 40    14:19   LParen                "("
 41    14:20   RParen                ")"
 42    14:22   ThinArrow             "->"
 43    14:25   Ident                 "int"
 44    14:29   LBrace                "{"
 45    15:5    Keyword(Let)          "let"
 46    15:9    Ident                 "person"
 47    15:15   Colon                 ":"
 48    15:17   Ident                 "Person"
 49    15:24   Eq                    "="
 50    15:26   LBrace                "{"
 51    15:28   Ident                 "age"
 52    15:31   Colon                 ":"
 53    15:33   IntLit                "25"
 54    15:35   Comma                 ","
 55    15:37   Ident                 "name"
 56    15:41   Colon                 ":"
 57    15:43   StringLit             ""Alice""
 58    15:50   Comma                 ","
 59    15:52   Ident                 "weight"
 60    15:58   Colon                 ":"
 61    15:60   FloatLit              "65.5"
 62    15:65   RBrace                "}"
 63    15:66   Semicolon             ";"
 64    16:5    Keyword(Let)          "let"
 65    16:9    Ident                 "my_num"
 66    16:15   Colon                 ":"
 67    16:17   Ident                 "MyInt"
 68    16:23   Eq                    "="
 69    16:25   IntLit                "42"
 70    16:27   Semicolon             ";"
 71    17:5    Keyword(Let)          "let"
 72    17:9    Ident                 "color"
 73    17:14   Colon                 ":"
 74    17:16   Ident                 "Color"
 75    17:22   Eq                    "="
 76    17:24   StringLit             ""red""
 77    17:29   Semicolon             ";"
 78    18:5    Keyword(Let)          "let"
 79    18:9    Ident                 "number"
 80    18:15   Colon                 ":"
 81    18:17   Ident                 "Number"
 82    18:24   Eq                    "="
 83    18:26   FloatLit              "3.14"
 84    18:30   Semicolon             ";"
 85    19:5    Keyword(Return)       "return"
 86    19:12   Ident                 "person"
 87    19:18   Dot                   "."
 88    19:19   Ident                 "age"
 89    19:22   Semicolon             ";"
 90    20:1    RBrace                "}"
 91    21:1    Eof                   ""
