---
source: crates/lexer/tests/ok_snapshots.rs
assertion_line: 60
expression: dump
---
IDX  LINE:COL  KIND                 LEXEME
  0     2:1    Keyword(Import)       "import"
  1     2:8    Ident                 "math"
  2     2:12   PathSep               "::"
  3     2:14   Ident                 "sin"
  4     2:17   Semicolon             ";"
  5     3:1    Keyword(Import)       "import"
  6     3:8    Ident                 "stdlib"
  7     3:14   PathSep               "::"
  8     3:16   Ident                 "print"
  9     3:22   Keyword(As)           "as"
 10     3:25   Ident                 "println"
 11     3:32   Semicolon             ";"
 12     4:1    Keyword(Using)        "using"
 13     4:7    Ident                 "collections"
 14     4:18   Semicolon             ";"
 15     6:1    Keyword(Fn)           "fn"
 16     6:4    Ident                 "test_imports"
 17     6:16   LParen                "("
 18     6:17   RParen                ")"
 19     6:19   ThinArrow             "->"
 20     6:22   Ident                 "float"
 21     6:28   LBrace                "{"
 22     7:5    Keyword(Let)          "let"
 23     7:9    Ident                 "result"
 24     7:16   Eq                    "="
 25     7:18   Ident                 "sin"
 26     7:21   LParen                "("
 27     7:22   FloatLit              "3.14159"
 28     7:29   RParen                ")"
 29     7:30   Semicolon             ";"
 30     8:5    Ident                 "println"
 31     8:12   LParen                "("
 32     8:13   StringLit             ""Hello from surge""
 33     8:31   RParen                ")"
 34     8:32   Semicolon             ";"
 35     9:5    Keyword(Return)       "return"
 36     9:12   Ident                 "result"
 37     9:18   Semicolon             ";"
 38    10:1    RBrace                "}"
 39    11:1    Eof                   ""
